{
  "data" : [
    {
      "userid": 5011,
      "bank": "account1",
      "def_bank": "account1",
      "fairshare": 0.285714,
      "max_running_jobs": 5,
      "max_active_jobs": 7,
      "queues": "",
      "active": 1,
      "projects": "*",
      "def_project": "*"
    },
    {
      "userid": 5012,
      "bank": "account1",
      "def_bank": "account1",
      "fairshare": 0.142857,
      "max_running_jobs": 5,
      "max_active_jobs": 7,
      "queues": "",
      "active": 1,
      "projects": "*",
      "def_project": "*"
    },
    {
      "userid": 5013,
      "bank": "account1",
      "def_bank": "account1",
      "fairshare": 0.428571,
      "max_running_jobs": 5,
      "max_active_jobs": 7,
      "queues": "",
      "active": 1,
      "projects": "*",
      "def_project": "*"
    },
    {
      "userid": 5021,
      "bank": "account2",
      "def_bank": "account2",
      "fairshare": 0.714286,
      "max_running_jobs": 5,
      "max_active_jobs": 7,
      "queues": "",
      "active": 1,
      "projects": "*",
      "def_project": "*"
    },
    {
      "userid": 5022,
      "bank": "account2", 
      "def_bank": "account2",
      "fairshare": 0.571429,
      "max_running_jobs": 5,
      "max_active_jobs": 7,
      "queues": "",
      "active": 1,
      "projects": "*",
      "def_project": "*"
    },
    {
      "userid": 5031,
      "bank": "account3",
      "def_bank": "account3",
      "fairshare": 1.0,
      "max_running_jobs": 5,
      "max_active_jobs": 7,
      "queues": "",
      "active": 1,
      "projects": "*",
      "def_project": "*"
    },
    {
      "userid": 5032,
      "bank": "account3",
      "def_bank": "account3",
      "fairshare": 0.857143,
      "max_running_jobs": 5,
      "max_active_jobs": 7,
      "queues": "",
      "active": 1,
      "projects": "*",
      "def_project": "*"
    }
  ]
}