UserID     Username   JobID                T_Submit             T_Run                T_Inactive           Nodes     
