[
  {
    "userid": 1001,
    "banks": [
      {
        "bank_name": "account1",
        "fairshare": 0.5,
        "max_run_jobs": 2,
        "cur_run_jobs": 0,
        "max_active_jobs": 7,
        "cur_active_jobs": 0,
        "held_jobs": [],
        "queues": [
          ""
        ],
        "queue_factor": 0,
        "projects": [
          "*"
        ],
        "def_project": "*",
        "max_nodes": 2147483647,
        "cur_nodes": 0,
        "active": 1
      },
      {
        "bank_name": "account2",
        "fairshare": 0.5,
        "max_run_jobs": 5,
        "cur_run_jobs": 0,
        "max_active_jobs": 7,
        "cur_active_jobs": 0,
        "held_jobs": [],
        "queues": [
          ""
        ],
        "queue_factor": 0,
        "projects": [
          "*"
        ],
        "def_project": "*",
        "max_nodes": 2147483647,
        "cur_nodes": 0,
        "active": 1
      }
    ]
  },
  {
    "userid": 1002,
    "banks": [
      {
        "bank_name": "account3",
        "fairshare": 0.5,
        "max_run_jobs": 5,
        "cur_run_jobs": 0,
        "max_active_jobs": 7,
        "cur_active_jobs": 0,
        "held_jobs": [],
        "queues": [
          "bronze"
        ],
        "queue_factor": 0,
        "projects": [
          "A",
          "B",
          "*"
        ],
        "def_project": "A",
        "max_nodes": 10,
        "cur_nodes": 0,
        "active": 1
      }
    ]
  }
]
